// Jest Snapshot v1, https://goo.gl/fbAQLP

exports[`Meta renders correctly 1`] = `
<div
  className="meta"
>
  <p
    className="meta__date"
  >
    Opublikowano 
    1 wrze≈õnia 2016
  </p>
</div>
`;
